// Jest Snapshot v1, https://goo.gl/fbAQLP

exports[`renders homepage unchanged 1`] = `
<div>
  <div
    class="flex h-screen flex-col md:flex-row md:overflow-hidden"
  >
    <div
      class="w-full flex-none md:w-64"
    >
      <div
        class="flex h-full flex-col px-3 py-4 md:px-2"
      >
        <a
          class="mb-2 flex h-20 items-end justify-start rounded-md bg-block p-4 md:h-40"
          href="/"
        >
          <div
            class="w-32 text-white md:w-40"
          >
            Logo
          </div>
        </a>
        <div
          class="flex grow flex-row justify-between space-x-2 md:flex-col md:space-x-0 md:space-y-2"
        >
          <a
            class="flex h-[48px] grow items-center justify-center gap-2 rounded-md bg-block p-3 text-sm font-medium hover:bg-primary hover:text-white md:flex-none md:justify-start md:p-2 md:px-3"
            href="/dashboard"
          >
            <svg
              aria-hidden="true"
              class="w-6"
              data-slot="icon"
              fill="none"
              stroke="currentColor"
              stroke-width="1.5"
              viewBox="0 0 24 24"
              xmlns="http://www.w3.org/2000/svg"
            >
              <path
                d="m2.25 12 8.954-8.955c.44-.439 1.152-.439 1.591 0L21.75 12M4.5 9.75v10.125c0 .621.504 1.125 1.125 1.125H9.75v-4.875c0-.621.504-1.125 1.125-1.125h2.25c.621 0 1.125.504 1.125 1.125V21h4.125c.621 0 1.125-.504 1.125-1.125V9.75M8.25 21h8.25"
                stroke-linecap="round"
                stroke-linejoin="round"
              />
            </svg>
            <p
              class="hidden md:block"
            >
              Home
            </p>
          </a>
          <a
            class="flex h-[48px] grow items-center justify-center gap-2 rounded-md bg-block p-3 text-sm font-medium hover:bg-primary hover:text-white md:flex-none md:justify-start md:p-2 md:px-3"
            href="/dashboard/dishes"
          >
            <svg
              aria-hidden="true"
              class="w-6"
              data-slot="icon"
              fill="none"
              stroke="currentColor"
              stroke-width="1.5"
              viewBox="0 0 24 24"
              xmlns="http://www.w3.org/2000/svg"
            >
              <path
                d="M12 8.25v-1.5m0 1.5c-1.355 0-2.697.056-4.024.166C6.845 8.51 6 9.473 6 10.608v2.513m6-4.871c1.355 0 2.697.056 4.024.166C17.155 8.51 18 9.473 18 10.608v2.513M15 8.25v-1.5m-6 1.5v-1.5m12 9.75-1.5.75a3.354 3.354 0 0 1-3 0 3.354 3.354 0 0 0-3 0 3.354 3.354 0 0 1-3 0 3.354 3.354 0 0 0-3 0 3.354 3.354 0 0 1-3 0L3 16.5m15-3.379a48.474 48.474 0 0 0-6-.371c-2.032 0-4.034.126-6 .371m12 0c.39.049.777.102 1.163.16 1.07.16 1.837 1.094 1.837 2.175v5.169c0 .621-.504 1.125-1.125 1.125H4.125A1.125 1.125 0 0 1 3 20.625v-5.17c0-1.08.768-2.014 1.837-2.174A47.78 47.78 0 0 1 6 13.12M12.265 3.11a.375.375 0 1 1-.53 0L12 2.845l.265.265Zm-3 0a.375.375 0 1 1-.53 0L9 2.845l.265.265Zm6 0a.375.375 0 1 1-.53 0L15 2.845l.265.265Z"
                stroke-linecap="round"
                stroke-linejoin="round"
              />
            </svg>
            <p
              class="hidden md:block"
            >
              Dishes
            </p>
          </a>
          <a
            class="flex h-[48px] grow items-center justify-center gap-2 rounded-md bg-block p-3 text-sm font-medium hover:bg-primary hover:text-white md:flex-none md:justify-start md:p-2 md:px-3"
            href="/dashboard/products"
          >
            <svg
              aria-hidden="true"
              class="w-6"
              data-slot="icon"
              fill="none"
              stroke="currentColor"
              stroke-width="1.5"
              viewBox="0 0 24 24"
              xmlns="http://www.w3.org/2000/svg"
            >
              <path
                d="M15.75 17.25v3.375c0 .621-.504 1.125-1.125 1.125h-9.75a1.125 1.125 0 0 1-1.125-1.125V7.875c0-.621.504-1.125 1.125-1.125H6.75a9.06 9.06 0 0 1 1.5.124m7.5 10.376h3.375c.621 0 1.125-.504 1.125-1.125V11.25c0-4.46-3.243-8.161-7.5-8.876a9.06 9.06 0 0 0-1.5-.124H9.375c-.621 0-1.125.504-1.125 1.125v3.5m7.5 10.375H9.375a1.125 1.125 0 0 1-1.125-1.125v-9.25m12 6.625v-1.875a3.375 3.375 0 0 0-3.375-3.375h-1.5a1.125 1.125 0 0 1-1.125-1.125v-1.5a3.375 3.375 0 0 0-3.375-3.375H9.75"
                stroke-linecap="round"
                stroke-linejoin="round"
              />
            </svg>
            <p
              class="hidden md:block"
            >
              Products
            </p>
          </a>
          <div
            class="hidden h-auto w-full grow rounded-md bg-block md:block"
          />
          <div
            class="rounded-md bg-block text-sm font-medium   "
          >
            <button
              class=" flex
        h-[48px] w-full grow items-center gap-2 rounded-md p-3 hover:bg-primary hover:text-white md:flex-none md:justify-start md:p-2 md:px-3 
        "
            >
              <svg
                aria-hidden="true"
                class="w-6"
                data-slot="icon"
                fill="none"
                stroke="currentColor"
                stroke-width="1.5"
                viewBox="0 0 24 24"
                xmlns="http://www.w3.org/2000/svg"
              >
                <path
                  d="M9.594 3.94c.09-.542.56-.94 1.11-.94h2.593c.55 0 1.02.398 1.11.94l.213 1.281c.063.374.313.686.645.87.074.04.147.083.22.127.325.196.72.257 1.075.124l1.217-.456a1.125 1.125 0 0 1 1.37.49l1.296 2.247a1.125 1.125 0 0 1-.26 1.431l-1.003.827c-.293.241-.438.613-.43.992a7.723 7.723 0 0 1 0 .255c-.008.378.137.75.43.991l1.004.827c.424.35.534.955.26 1.43l-1.298 2.247a1.125 1.125 0 0 1-1.369.491l-1.217-.456c-.355-.133-.75-.072-1.076.124a6.47 6.47 0 0 1-.22.128c-.331.183-.581.495-.644.869l-.213 1.281c-.09.543-.56.94-1.11.94h-2.594c-.55 0-1.019-.398-1.11-.94l-.213-1.281c-.062-.374-.312-.686-.644-.87a6.52 6.52 0 0 1-.22-.127c-.325-.196-.72-.257-1.076-.124l-1.217.456a1.125 1.125 0 0 1-1.369-.49l-1.297-2.247a1.125 1.125 0 0 1 .26-1.431l1.004-.827c.292-.24.437-.613.43-.991a6.932 6.932 0 0 1 0-.255c.007-.38-.138-.751-.43-.992l-1.004-.827a1.125 1.125 0 0 1-.26-1.43l1.297-2.247a1.125 1.125 0 0 1 1.37-.491l1.216.456c.356.133.751.072 1.076-.124.072-.044.146-.086.22-.128.332-.183.582-.495.644-.869l.214-1.28Z"
                  stroke-linecap="round"
                  stroke-linejoin="round"
                />
                <path
                  d="M15 12a3 3 0 1 1-6 0 3 3 0 0 1 6 0Z"
                  stroke-linecap="round"
                  stroke-linejoin="round"
                />
              </svg>
              <div
                class="hidden text-default md:block"
              >
                Settings
              </div>
            </button>
          </div>
          <button
            class="flex h-[48px] w-full grow items-center justify-center gap-2 rounded-md bg-block p-3 text-sm font-medium hover:bg-sky-950 hover:text-cyan-600 md:flex-none md:justify-start md:p-2 md:px-3"
          >
            <svg
              aria-hidden="true"
              class="w-6"
              data-slot="icon"
              fill="none"
              stroke="currentColor"
              stroke-width="1.5"
              viewBox="0 0 24 24"
              xmlns="http://www.w3.org/2000/svg"
            >
              <path
                d="M5.636 5.636a9 9 0 1 0 12.728 0M12 3v9"
                stroke-linecap="round"
                stroke-linejoin="round"
              />
            </svg>
            <div
              class="hidden md:block"
            >
              Sign Out
            </div>
          </button>
        </div>
      </div>
    </div>
    <div
      class="flex-grow p-6 md:overflow-y-auto"
    >
      <h1>
        Title
      </h1>
    </div>
  </div>
</div>
`;
